20:52:28 **** Incremental Build of configuration Debug for project tdse-tp3_02-code_integration_solved ****
make -j4 all 
arm-none-eabi-gcc "../app/src/display.c" -mcpu=cortex-m3 -std=gnu11 -g3 -DDEBUG -DUSE_HAL_DRIVER -DSTM32F103xB -c -I../Core/Inc -I../Drivers/STM32F1xx_HAL_Driver/Inc -I../Drivers/STM32F1xx_HAL_Driver/Inc/Legacy -I../Drivers/CMSIS/Device/ST/STM32F1xx/Include -I../Drivers/CMSIS/Include -I../app/inc -O0 -ffunction-sections -fdata-sections -Wall -fstack-usage -fcyclomatic-complexity -MMD -MP -MF"app/src/display.d" -MT"app/src/display.o" --specs=nano.specs -mfloat-abi=soft -mthumb -o "app/src/display.o"
arm-none-eabi-gcc -o "tdse-tp3_02-code_integration_solved.elf" @"objects.list"  -lrdimon -mcpu=cortex-m3 -T"C:\Users\Usuario\Documents\21_Taller_de_sistemas_embebidos\tdse_workspace_tp3\tdse-tp3_02-code_integration_solved\STM32F103RBTX_FLASH.ld" --specs=nosys.specs -Wl,-Map="tdse-tp3_02-code_integration_solved.map" -Wl,--gc-sections -static -specs=rdimon.specs --specs=nano.specs -mfloat-abi=soft -mthumb -Wl,--start-group -lc -lm -Wl,--end-group
C:/ST/STM32CubeIDE_1.16.0/STM32CubeIDE/plugins/com.st.stm32cube.ide.mcu.externaltools.gnu-tools-for-stm32.12.3.rel1.win32_1.0.200.202406191623/tools/bin/../lib/gcc/arm-none-eabi/12.3.1/../../../../arm-none-eabi/bin/ld.exe: warning: tdse-tp3_02-code_integration_solved.elf has a LOAD segment with RWX permissions
Finished building target: tdse-tp3_02-code_integration_solved.elf
 
arm-none-eabi-size  tdse-tp3_02-code_integration_solved.elf 
arm-none-eabi-objdump -h -S tdse-tp3_02-code_integration_solved.elf  > "tdse-tp3_02-code_integration_solved.list"
   text	   data	    bss	    dec	    hex	filename
  15068	    136	   2272	  17476	   4444	tdse-tp3_02-code_integration_solved.elf
Finished building: default.size.stdout
 
Finished building: tdse-tp3_02-code_integration_solved.list
 

20:52:29 Build Finished. 0 errors, 1 warnings. (took 1s.96ms)

